<!DOCTYPE html>
<html>
<head>
<meta charset="utf-8" />
<title>
		GET /nonJson |
			Synapse REST API
</title>

<!-- Mobile viewport optimisation -->
<meta name="viewport" content="width=device-width, initial-scale=1.0">

<!-- (en) Add your meta data here -->
<link rel="icon" href="https://www.synapse.org/favicon.png?v=4" />
<link type="text/css" rel="stylesheet"
	href="../webapp/Main.css" />
<!-- (de) Fuegen Sie hier ihre Meta-Daten ein -->
<!-- YAML -->
<link rel="stylesheet"
	href="../webapp/yaml/core/base.min.css" type="text/css" />
<link rel="stylesheet"
	href="../webapp/yaml/navigation/hlist.css" type="text/css" />
<link rel="stylesheet"
	href="../webapp/yaml/forms/gray-theme.css" type="text/css" />
<link rel="stylesheet"
	href="../webapp/yaml/screen/typography.css" type="text/css" />
<link rel="stylesheet"
	href="../webapp/yaml/screen/grid-960-12.css" type="text/css" />
<link rel="stylesheet"
	href="../webapp/yaml/screen/screen-FULLPAGE-layout.css"
	type="text/css" />
<link rel="stylesheet" href="../webapp/yaml/print/print.css"
	type="text/css" />

</head>
<body>
	<div id="container">
		<header>
	<div class="ym-wrapper">
		<div class="ym-wbox">
			<div class="ym-grid">
				<div class="ym-gbox">
					<h1>
						<a href="../index.html" class="headerlink">Synapse
							REST API</a>
					</h1>
				</div>
				<div class="box success">
					<div class="ym-gbox">
						<h4>The Open API specification for Synapse is now available
							for download!</h4>
						<p>
							<a href="../openapi/openapispecification.json" class="ym-button"
								download="SynapseOpenApiSpec.json">Download Open API Spec</a>
						</p>
					</div>
				</div>
			</div>
		</div>
	</div>
</header>		<div id="main">
			<div class="ym-wrapper">
				<div class="ym-wbox">
					<div id="rootPanel" class="ym-grid linearize-level-1">
						<div class="ym-grid">
							<div class="ym-gbox">
								<h2>GET /nonJson</h2>
							</div>
						</div>
						<div class="ym-grid">
							<div class="ym-g66 ym-gl">
								<div class="ym-gbox">
									<p></p>
								</div>
								<div class="ym-gbox">
									<h4>Resource URL</h4>
								</div>
								<div class="ym-gbox">
									<p>https://repo-prod.prod.sagebase.org/example/v1/nonJson</p>
								</div>
								 							</div>
							<div class="ym-g33 ym-gr">
								<div class="ym-gbox">
									<table class="bordertable">
										<thead>
											<tr>
												<th colspan="2">Resource Information</th>
											</tr>
										</thead>
										<tbody>
											<tr>
												<td>Authentication</td>
												<td> not required </td>
											</tr>
																						<tr>
												<td>HTTP Method</td>
												<td>GET</td>
											</tr>
											<tr>
												<td>Request Object</td>
												<td> None 												</td>
											</tr>
											<tr>
												<td>Response Object</td>
												<td> None 												</td>
											</tr>
										</tbody>
									</table>
								</div>
							</div>
						</div>
					</div>
				</div>
			</div>
		</div>
		
<footer>
	<div class="ym-wrapper">
		<div class="ym-wbox">
			<div class="ym-grid">
				<div class="ym-gbox">
					<p>
						&#169 <a href="https://synapse.org">Synapse</a> | <a href="https://sagebionetworks.org">Sage Bionetworks</a> 2020 &ndash; Layout based on <a
							href="http://www.yaml.de">YAML</a>
					</p>
				</div>
			</div>
		</div>
	</div>
</footer>	</div>
</body>
</html>