<!DOCTYPE html>
<html>
<head>
<meta charset="utf-8" />
<title>
			ACCESS_TYPE |
		Synapse REST API
</title>

<!-- Mobile viewport optimisation -->
<meta name="viewport" content="width=device-width, initial-scale=1.0">

<!-- (en) Add your meta data here -->
<link rel="icon" href="https://www.synapse.org/favicon.png?v=4" />
<link type="text/css" rel="stylesheet"
	href="../../../../webapp/Main.css" />
<!-- (de) Fuegen Sie hier ihre Meta-Daten ein -->
<!-- YAML -->
<link rel="stylesheet"
	href="../../../../webapp/yaml/core/base.min.css" type="text/css" />
<link rel="stylesheet"
	href="../../../../webapp/yaml/navigation/hlist.css" type="text/css" />
<link rel="stylesheet"
	href="../../../../webapp/yaml/forms/gray-theme.css" type="text/css" />
<link rel="stylesheet"
	href="../../../../webapp/yaml/screen/typography.css" type="text/css" />
<link rel="stylesheet"
	href="../../../../webapp/yaml/screen/grid-960-12.css" type="text/css" />
<link rel="stylesheet"
	href="../../../../webapp/yaml/screen/screen-FULLPAGE-layout.css"
	type="text/css" />
<link rel="stylesheet" href="../../../../webapp/yaml/print/print.css"
	type="text/css" />

</head>
<body>
	<div id="container">
		<header>
	<div class="ym-wrapper">
		<div class="ym-wbox">
			<div class="ym-grid">
				<div class="ym-gbox">
					<h1>
						<a href="../../../../index.html" class="headerlink">Synapse
							REST API</a>
					</h1>
				</div>
				<div class="box success">
					<div class="ym-gbox">
						<h4>The Open API specification for Synapse is now available
							for download!</h4>
						<p>
							<a href="../../../../openapi/openapispecification.json" class="ym-button"
								download="SynapseOpenApiSpec.json">Download Open API Spec</a>
						</p>
					</div>
				</div>
			</div>
		</div>
	</div>
</header>		<div id="main">
			<div class="ym-wrapper">
				<div class="ym-wbox">
					<div id="rootPanel" class="ym-grid linearize-level-1">
						<div class="ym-grid">
							<div class="ym-gbox">
								<h2>ACCESS_TYPE
																</h2>
								<h5>org.sagebionetworks.repo.model.ACCESS_TYPE</h5>
																<p>The enumeration of possible permission.</p>
																																 								<h5>Enumeration</h5>
								<table>
									<tr>
										<th>name</th>
										<th>description</th>
									</tr>
																		<tr>
										<td>CREATE</td>
										<td>TODO: Auto-generated description</td>
									</tr>
																		<tr>
										<td>READ</td>
										<td>TODO: Auto-generated description</td>
									</tr>
																		<tr>
										<td>UPDATE</td>
										<td>TODO: Auto-generated description</td>
									</tr>
																		<tr>
										<td>DELETE</td>
										<td>TODO: Auto-generated description</td>
									</tr>
																		<tr>
										<td>CHANGE_PERMISSIONS</td>
										<td>TODO: Auto-generated description</td>
									</tr>
																		<tr>
										<td>DOWNLOAD</td>
										<td>TODO: Auto-generated description</td>
									</tr>
																		<tr>
										<td>UPLOAD</td>
										<td>Deprecated. Adding this to an ACL will do nothing.</td>
									</tr>
																		<tr>
										<td>PARTICIPATE</td>
										<td>TODO: Auto-generated description</td>
									</tr>
																		<tr>
										<td>SUBMIT</td>
										<td>TODO: Auto-generated description</td>
									</tr>
																		<tr>
										<td>READ_PRIVATE_SUBMISSION</td>
										<td>TODO: Auto-generated description</td>
									</tr>
																		<tr>
										<td>UPDATE_SUBMISSION</td>
										<td>TODO: Auto-generated description</td>
									</tr>
																		<tr>
										<td>DELETE_SUBMISSION</td>
										<td>TODO: Auto-generated description</td>
									</tr>
																		<tr>
										<td>TEAM_MEMBERSHIP_UPDATE</td>
										<td>TODO: Auto-generated description</td>
									</tr>
																		<tr>
										<td>SEND_MESSAGE</td>
										<td>TODO: Auto-generated description</td>
									</tr>
																		<tr>
										<td>CHANGE_SETTINGS</td>
										<td>TODO: Auto-generated description</td>
									</tr>
																		<tr>
										<td>MODERATE</td>
										<td>TODO: Auto-generated description</td>
									</tr>
																		<tr>
										<td>REVIEW_SUBMISSIONS</td>
										<td>Allows to review a group of submissions (e.g. on ARs) for a given object</td>
									</tr>
																		<tr>
										<td>EXEMPTION_ELIGIBLE</td>
										<td>Eligible for exemption when granted this permission on the ACl of the AR</td>
									</tr>
																	</table>
															</div>
													</div>
					</div>
				</div>
			</div>
		</div>
		
<footer>
	<div class="ym-wrapper">
		<div class="ym-wbox">
			<div class="ym-grid">
				<div class="ym-gbox">
					<p>
						&#169 <a href="https://synapse.org">Synapse</a> | <a href="https://sagebionetworks.org">Sage Bionetworks</a> 2020 &ndash; Layout based on <a
							href="http://www.yaml.de">YAML</a>
					</p>
				</div>
			</div>
		</div>
	</div>
</footer>	</div>
</body>
</html>