<!DOCTYPE html>
<html>
<head>
<meta charset="utf-8" />
<title>
			Synapse REST API
</title>

<!-- Mobile viewport optimisation -->
<meta name="viewport" content="width=device-width, initial-scale=1.0">

<!-- (en) Add your meta data here -->
<link rel="icon" href="https://www.synapse.org/favicon.png?v=4" />
<link type="text/css" rel="stylesheet"
	href="webapp/Main.css" />
<!-- (de) Fuegen Sie hier ihre Meta-Daten ein -->
<!-- YAML -->
<link rel="stylesheet"
	href="webapp/yaml/core/base.min.css" type="text/css" />
<link rel="stylesheet"
	href="webapp/yaml/navigation/hlist.css" type="text/css" />
<link rel="stylesheet"
	href="webapp/yaml/forms/gray-theme.css" type="text/css" />
<link rel="stylesheet"
	href="webapp/yaml/screen/typography.css" type="text/css" />
<link rel="stylesheet"
	href="webapp/yaml/screen/grid-960-12.css" type="text/css" />
<link rel="stylesheet"
	href="webapp/yaml/screen/screen-FULLPAGE-layout.css"
	type="text/css" />
<link rel="stylesheet" href="webapp/yaml/print/print.css"
	type="text/css" />

</head><body>
	<div id="container">
		<header>
	<div class="ym-wrapper">
		<div class="ym-wbox">
			<div class="ym-grid">
				<div class="ym-gbox">
					<h1>
						<a href="index.html" class="headerlink">Synapse
							REST API</a>
					</h1>
				</div>
				<div class="box success">
					<div class="ym-gbox">
						<h4>The Open API specification for Synapse is now available
							for download!</h4>
						<p>
							<a href="openapi/openapispecification.json" class="ym-button"
								download="SynapseOpenApiSpec.json">Download Open API Spec</a>
						</p>
					</div>
				</div>
			</div>
		</div>
	</div>
</header>		<div id="main">
			<div id="mainWrapper" class="ym-wrapper">
				<div class="ym-wbox">
					<div id="rootPanel" class="ym-grid linearize-level-1 allServicesList">
						<div class="ym-grid sidebar">
							<div class="ym-gbox tableOfContents">
								<h2>Table of Contents</h2>
								<ul>
																		<li><a href="#controller.ExampleController">Example Service</a></li>
																	</ul>
							</div>
						</div>
						<div class="ym-grid content">
							<div class="ym-gbox">
																<h2 id="controller.ExampleController">Example Service</h2>
																<p> Proin ornare ligula eu tellus tempus elementum. Aenean bibendum iaculis mi,
 nec blandit lacus interdum vitae. Vestibulum non nibh risus, a scelerisque
 purus. Ut vel arcu ac tortor adipiscing hendrerit vel sed massa. Fusce sem
 libero, lacinia vulputate interdum non, porttitor non quam. Aliquam sed felis
 ligula. Duis non nulla magna.
 
</p>
								 								<h5>Web Services</h5>
								<table>
									<thead>
										<tr>
											<th>Resource</th>
											<th>Description</th>
										</tr>
									</thead>
									<tbody>
																				<tr>
											<td class="ym-g33"><a href="POST/entity/ownerId/wiki.html">POST /entity/{ownerId}/wiki</a>
											</td>
											<td>												Etiam aliquam sem ac velit feugiat elementum. Nunc eu elit velit, nec vestibulum nibh. Curabitur ultrices, diam non ullamcorper blandit, nunc lacus or&#8230 </td>
										</tr>
																				<tr>
											<td class="ym-g33"><a href="POST/evaluation/ownerId/wiki.html">POST /evaluation/{ownerId}/wiki</a>
											</td>
											<td>												Maecenas eu placerat ante. Fusce ut neque justo, et aliquet enim. In hac habitasse platea dictumst. Nullam commodo neque erat, vitae facilisis erat. C&#8230 </td>
										</tr>
																				<tr>
											<td class="ym-g33"><a href="GET/entity/id/uploadDestination.html">GET /entity/{id}/uploadDestination</a>
											</td>
											<td>												Maecenas eu placerat ante. Fusce ut neque justo, et aliquet enim. In hac habitasse platea dictumst. Nullam commodo neque erat, vitae facilisis erat. C&#8230 </td>
										</tr>
																				<tr>
											<td class="ym-g33"><a href="POST/storageLocation.html">POST /storageLocation</a>
											</td>
											<td>												Maecenas eu placerat ante. Fusce ut neque justo, et aliquet enim. In hac habitasse platea dictumst. Nullam commodo neque erat, vitae facilisis erat. C&#8230 </td>
										</tr>
																				<tr>
											<td class="ym-g33"><a href="GET/multiple/params.html">GET /multiple/params</a>
											</td>
											<td>												In facilisis scelerisque dui vel dignissim. Sed nunc orci, ultricies congue vehicula quis, facilisis a orci. In aliquet facilisis condimentum. Donec a&#8230 </td>
										</tr>
																				<tr>
											<td class="ym-g33"><a href="GET/multiple/pathVar.html">GET /multiple/{pathVar}</a>
											</td>
											<td>												In facilisis scelerisque dui vel dignissim. Sed nunc orci, ultricies congue vehicula quis, facilisis a orci. In aliquet facilisis condimentum. Donec a&#8230 </td>
										</tr>
																				<tr>
											<td class="ym-g33"><a href="GET/missing/descriptions.html">GET /missing/descriptions</a>
											</td>
											<td>												 </td>
										</tr>
																				<tr>
											<td class="ym-g33"><a href="GET/nonJson.html">GET /nonJson</a>
											</td>
											<td>												 </td>
										</tr>
																				<tr>
											<td class="ym-g33"><a href="GET/void.html">GET /void</a>
											</td>
											<td>												 </td>
										</tr>
																				<tr>
											<td class="ym-g33"><a href="GET/some/interface.html">GET /some/interface</a>
											</td>
											<td>												Get getting an object that is an interface Link to this controller Example Controller </td>
										</tr>
																				<tr>
											<td class="ym-g33"><a href="GET/some/generic.html">GET /some/generic</a>
											</td>
											<td>												returning a generic </td>
										</tr>
																				<tr>
											<td class="ym-g33"><a href="POST/some/generic.html">POST /some/generic</a>
											</td>
											<td>												passing a generic </td>
										</tr>
																				<tr>
											<td class="ym-g33"><a href="GET/some/enum.html">GET /some/enum</a>
											</td>
											<td>												using enum in the param. Available filter options: DiscussionFilter. </td>
										</tr>
																				<tr>
											<td class="ym-g33"><a href="POST/some/authorized/service.html">POST /some/authorized/service</a>
											</td>
											<td>												including an authorization header </td>
										</tr>
																				<tr>
											<td class="ym-g33"><a href="POST/someOther/id/secondId.html">POST /someOther/{id}/{secondId}</a>
											</td>
											<td>												 </td>
										</tr>
																				<tr>
											<td class="ym-g33"><a href="POST/someOther/id.html">POST /someOther/{id}</a>
											</td>
											<td>												 </td>
										</tr>
																				<tr>
											<td class="ym-g33"><a href="POST/entity/id/table/transaction/async/start.html">POST /entity/{id}/table/transaction/async/start</a>
											</td>
											<td>												This is just a stubed url because ColumnModel has a reference to a function in TableController Ideally, this controller would be dependent on a separa&#8230 </td>
										</tr>
																			</tbody>
								</table>
								 							</div>
						</div>
					</div>
				</div>
			</div>
		</div>
		
<footer>
	<div class="ym-wrapper">
		<div class="ym-wbox">
			<div class="ym-grid">
				<div class="ym-gbox">
					<p>
						&#169 <a href="https://synapse.org">Synapse</a> | <a href="https://sagebionetworks.org">Sage Bionetworks</a> 2020 &ndash; Layout based on <a
							href="http://www.yaml.de">YAML</a>
					</p>
				</div>
			</div>
		</div>
	</div>
</footer>	</div>
</body>
</html>