2012-09-16 10:30:08,796 TRACE
2012-09-16 10:30:11,369 First
2012-09-16 10:30:11,369 Last
2012-09-16 10:30:14,054 First
2012-09-16 10:30:14,054 Last
2012-09-16 22:30:15,147 First
2012-09-16 22:30:15,147 Last
2012-09-16 22:30:18,531 TRACE
2012-09-16 22:30:21,191 TRACE
